Microchip MPLAB XC8 Compiler V2.32

Linker command line:

-W-3 --edf=C:\Program Files\Microchip\xc8\v2.32\pic\dat\en_msgs.txt -cn \
  -h+dist/default/production\Active_environment.production.sym \
  --cmf=dist/default/production\Active_environment.production.cmf -z \
  -Q18F4550 -oC:\Users\57322\AppData\Local\Temp\xcAsb0s.4 \
  --defsym=__MPLAB_BUILD=1 \
  -Mdist/default/production/Active_environment.production.map -E1 \
  -ver=XC8 Compiler --acfsm=1493 -ASTACK=0150h-07FFh -pstack=STACK \
  -ACODE=00h-07FFFh -ACONST=00h-07FFFh -ASMALLCONST=0800h-08FFhx120 \
  -AMEDIUMCONST=0800h-07FFFh -ACOMRAM=01h-05Fh -AABS1=00h-07FFh \
  -ABIGRAM=01h-07FFh -ARAM=060h-0FFh,0100h-01FFhx7 -ABANK0=060h-0FFh \
  -ABANK1=0100h-01FFh -ABANK2=0200h-02FFh -ABANK3=0300h-03FFh \
  -ABANK4=0400h-04FFh -ABANK5=0500h-05FFh -ABANK6=0600h-06FFh \
  -ABANK7=0700h-07FFh -ASFR=0F60h-0FFFh -ACONFIG=0300000h-030000Dh \
  -AIDLOC=0200000h-0200007h -AEEDATA=0F00000h-0F000FFh -peeprom_data=EEDATA \
  -preset_vec=00h,intcode,intcodelo,powerup,init -pramtop=0800h \
  -psmallconst=SMALLCONST -pmediumconst=MEDIUMCONST -pconst=CONST \
  -AFARRAM=00h-00h \
  -prdata=COMRAM,nvrram=COMRAM,nvbit=COMRAM,rbss=COMRAM,rbit=COMRAM \
  -pfarbss=FARRAM,fardata=FARRAM,nvFARRAM=FARRAM \
  -pintsave_regs=BIGRAM,bigbss=BIGRAM,bigdata=BIGRAM -pbss=RAM \
  -pidata=CODE,irdata=CODE,ibigdata=CODE,ifardata=CODE -prparam=COMRAM \
  C:\Users\57322\AppData\Local\Temp\xcAsb0s.o \
  dist/default/production\Active_environment.production.o 

Object code version is 3.11

Machine type is 18F4550



                Name                               Link     Load   Length Selector   Space Scale
C:\Users\57322\AppData\Local\Temp\xcAsb0s.o
                idloc                            200000   200000        8        0       5
                config                           300000   300000        E        0       4
                init                                  0        0        4        0       0
dist/default/production\Active_environment.production.o
                idloc                            200000   200000        8        0       5
                config                           300000   300000        E        0       4
                smallconst                          800      800       16      400       0
                text39                             1BDA     1BDA       80      40B       0
                text38                             1EAC     1EAC       50      40B       0
                text37                             2224     2224        8      40B       0
                text36                             1E5C     1E5C       50      40B       0
                text35                             1DAC     1DAC       5E      40B       0
                text34                             20D6     20D6       40      40B       0
                text33                             128C     128C      188      40B       0
                text32                             1414     1414      164      40B       0
                text31                             2096     2096       40      40B       0
                text30                             222C     222C        2      40B       0
                text29                             1836     1836       CA      40B       0
                text28                             1F8E     1F8E       44      40B       0
                text27                             2116     2116       36      40B       0
                text26                             1900     1900       C6      40B       0
                text25                              C40      C40      2E4      40B       0
                text24                             10D8     10D8      1B4      40B       0
                text23                             1D4A     1D4A       62      40B       0
                text22                             1E0A     1E0A       52      40B       0
                text21                             167E     167E       E4      40B       0
                text20                             214C     214C       34      40B       0
                text19                             1F46     1F46       48      40B       0
                text18                             1A58     1A58       82      40B       0
                text17                             21E8     21E8       14      40B       0
                text16                             221A     221A        A      40B       0
                text15                             220C     220C        E      40B       0
                text14                             1EFC     1EFC       4A      40B       0
                text13                             19C6     19C6       92      40B       0
                text12                             1CD6     1CD6       74      40B       0
                text11                             21AC     21AC       26      40B       0
                text10                             2014     2014       42      40B       0
                text9                              21FC     21FC       10      40B       0
                text8                              2180     2180       2C      40B       0
                text7                              1B5A     1B5A       80      40B       0
                text6                               816      816      42A      40B       0
                text5                              1578     1578      106      40B       0
                text4                               F24      F24      1B4      40B       0
                text3                              1C5A     1C5A       7C      40B       0
                text2                              21D2     21D2       16      40B       0
                text1                              1762     1762       D4      40B       0
                text0                              1ADA     1ADA       80      40B       0
                cstackCOMRAM                          1        1       5F        1       1
                cstackBANK0                          60       60       44       60       1
                bssBANK1                            100      100       50      100       1
                dataBANK0                            A4       A4       40       60       1
                bssBANK0                             E4       E4       12       60       1
                cinit                              1FD2     1FD2       42      40B       0
                idataBANK0                         2056     2056       40      40B       0

TOTAL           Name                               Link     Load   Length     Space
        CLASS   STACK          

        CLASS   CODE           
                init                                  0        0        4         0
                text39                             1BDA     1BDA       80         0
                text38                             1EAC     1EAC       50         0
                text37                             2224     2224        8         0
                text36                             1E5C     1E5C       50         0
                text35                             1DAC     1DAC       5E         0
                text34                             20D6     20D6       40         0
                text33                             128C     128C      188         0
                text32                             1414     1414      164         0
                text31                             2096     2096       40         0
                text30                             222C     222C        2         0
                text29                             1836     1836       CA         0
                text28                             1F8E     1F8E       44         0
                text27                             2116     2116       36         0
                text26                             1900     1900       C6         0
                text25                              C40      C40      2E4         0
                text24                             10D8     10D8      1B4         0
                text23                             1D4A     1D4A       62         0
                text22                             1E0A     1E0A       52         0
                text21                             167E     167E       E4         0
                text20                             214C     214C       34         0
                text19                             1F46     1F46       48         0
                text18                             1A58     1A58       82         0
                text17                             21E8     21E8       14         0
                text16                             221A     221A        A         0
                text15                             220C     220C        E         0
                text14                             1EFC     1EFC       4A         0
                text13                             19C6     19C6       92         0
                text12                             1CD6     1CD6       74         0
                text11                             21AC     21AC       26         0
                text10                             2014     2014       42         0
                text9                              21FC     21FC       10         0
                text8                              2180     2180       2C         0
                text7                              1B5A     1B5A       80         0
                text6                               816      816      42A         0
                text5                              1578     1578      106         0
                text4                               F24      F24      1B4         0
                text3                              1C5A     1C5A       7C         0
                text2                              21D2     21D2       16         0
                text1                              1762     1762       D4         0
                text0                              1ADA     1ADA       80         0
                cinit                              1FD2     1FD2       42         0
                idataBANK0                         2056     2056       40         0

        CLASS   CONST          

        CLASS   SMALLCONST     
                smallconst                          800      800       16         0

        CLASS   MEDIUMCONST    

        CLASS   COMRAM         
                cstackCOMRAM                          1        1       5F         1

        CLASS   ABS1           

        CLASS   BIGRAM         

        CLASS   RAM            

        CLASS   BANK0          
                cstackBANK0                          60       60       44         1
                dataBANK0                            A4       A4       40         1
                bssBANK0                             E4       E4       12         1

        CLASS   BANK1          
                bssBANK1                            100      100       50         1

        CLASS   BANK2          

        CLASS   BANK3          

        CLASS   BANK4          

        CLASS   BANK5          

        CLASS   BANK6          

        CLASS   BANK7          

        CLASS   SFR            

        CLASS   CONFIG         
                config                           300000   300000        E         4

        CLASS   IDLOC          
                idloc                            200000   200000        8         5

        CLASS   EEDATA         

        CLASS   FARRAM         



SEGMENTS        Name                           Load    Length   Top    Selector   Space  Class

                reset_vec                      000000  000004  000004         0       0  CODE    
                cstackCOMRAM                   000001  00005F  000060         1       1  COMRAM  
                cstackBANK0                    000060  000096  0000F6        60       1  BANK0   
                bssBANK1                       000100  000050  000150       100       1  BANK1   
                smallconst                     000800  000016  000816       400       0  SMALLCON
                text6                          000816  001A18  00222E       40B       0  CODE    


UNUSED ADDRESS RANGES

        Name                Unused          Largest block    Delta
        BANK0            0000F6-0000FF                A
        BANK1            000150-0001FF               B0
        BANK2            000200-0002FF              100
        BANK3            000300-0003FF              100
        BANK4            000400-0004FF              100
        BANK5            000500-0005FF              100
        BANK6            000600-0006FF              100
        BANK7            000700-0007FF              100
        BIGRAM           0000F6-0000FF                A
                         000150-0007FF              6B0
        CODE             000004-0007FF              7FC
                         00222E-007FFF             5DD2
        CONST            000004-0007FF              7FC
                         00222E-007FFF             5DD2
        EEDATA           F00000-F000FF              100
        MEDIUMCONST      00222E-007FFF             5DD2
        RAM              0000F6-0000FF                A
                         000150-0007FF              100
        SFR              000F60-000FFF               A0
        SMALLCONST       00222E-007FFF              100
        STACK            000150-0007FF              6B0

                                  Symbol Table

?___aodiv                      cstackCOMRAM 000001
?___aomod                      cstackCOMRAM 000001
?___flmul                      cstackCOMRAM 00000F
?___fltol                      cstackCOMRAM 000028
?___lwdiv                      cstackCOMRAM 000007
?___wmul                       cstackCOMRAM 000001
?___xxtofl                     cstackCOMRAM 000001
?_abs                          cstackCOMRAM 000013
?_adc_read10Bits               cstackCOMRAM 000001
?_dtoa                         cstackCOMRAM 00001C
?_obtener_distancia            cstackCOMRAM 000001
?_pad                          cstackCOMRAM 000011
?_sensor_distancia             cstackCOMRAM 000005
?_sensor_luz                   cstackCOMRAM 00000E
?_sensor_temperatura           cstackCOMRAM 000032
?_sprintf                      cstackCOMRAM 000058
?_strlen                       cstackCOMRAM 000001
?_validar                      cstackCOMRAM 000004
?_vfpfcnvrt                    cstackCOMRAM 000040
?_vfprintf                     cstackCOMRAM 000050
LCD_Char@dat                   cstackCOMRAM 000002
LCD_Command@cmd                cstackCOMRAM 000002
LCD_Custom_Char@i              cstackCOMRAM 000006
LCD_Custom_Char@loc            cstackCOMRAM 000005
LCD_Custom_Char@msg            cstackCOMRAM 000003
LCD_String@msg                 cstackCOMRAM 000003
LCD_String_xy@location         cstackCOMRAM 000009
LCD_String_xy@msg              cstackCOMRAM 000006
LCD_String_xy@pos              cstackCOMRAM 000005
LCD_String_xy@row              cstackCOMRAM 000008
_ADCON0bits                    (abs)        000FC2
_ADCON1bits                    (abs)        000FC1
_ADCON2bits                    (abs)        000FC0
_ADRESH                        (abs)        000FC4
_ADRESL                        (abs)        000FC3
_CREN                          (abs)        007D5C
_LATB3                         (abs)        007C53
_LATB4                         (abs)        007C54
_LATB5                         (abs)        007C55
_LATCbits                      (abs)        000F8B
_LATD                          (abs)        000F8C
_LATD0                         (abs)        007C60
_LATD1                         (abs)        007C61
_LCD_Char                      text36       001E5C
_LCD_Clear                     text37       002224
_LCD_Command                   text38       001EAC
_LCD_Custom_Char               text19       001F46
_LCD_String                    text35       001DAC
_LCD_String_xy                 text34       0020D6
_OSCCON                        (abs)        000FD3
_OSCCONbits                    (abs)        000FD3
_PORTCbits                     (abs)        000F82
_RBPU                          (abs)        007F8F
_RCIF                          (abs)        007CF5
_RCREG                         (abs)        000FAE
_RCSTA                         (abs)        000FAB
_RCSTAbits                     (abs)        000FAB
_SPBRG                         (abs)        000FAF
_TRISAbits                     (abs)        000F92
_TRISB3                        (abs)        007C9B
_TRISB4                        (abs)        007C9C
_TRISB5                        (abs)        007C9D
_TRISB6                        (abs)        007C9E
_TRISC6                        (abs)        007CA6
_TRISC7                        (abs)        007CA7
_TRISCbits                     (abs)        000F94
_TRISD                         (abs)        000F95
_TXIF                          (abs)        007CF4
_TXREG                         (abs)        000FAD
_TXSTA                         (abs)        000FAC
__HRAM                         (abs)        000000
__Habs1                        abs1         000000
__Hbank0                       bank0        000000
__Hbank1                       bank1        000000
__Hbank2                       bank2        000000
__Hbank3                       bank3        000000
__Hbank4                       bank4        000000
__Hbank5                       bank5        000000
__Hbank6                       bank6        000000
__Hbank7                       bank7        000000
__Hbigbss                      bigbss       000000
__Hbigdata                     bigdata      000000
__Hbigram                      bigram       000000
__Hbss                         bss          000000
__HbssBANK0                    bssBANK0     000000
__HbssBANK1                    bssBANK1     000000
__Hcinit                       cinit        000000
__Hclrtext                     clrtext      000000
__Hcomram                      comram       000000
__Hconfig                      config       30000E
__Hconst                       const        000000
__HcstackBANK0                 cstackBANK0  000000
__HcstackCOMRAM                cstackCOMRAM 000000
__Hdata                        data         000000
__HdataBANK0                   dataBANK0    000000
__Heeprom_data                 eeprom_data  000000
__Hfarbss                      farbss       000000
__Hfardata                     fardata      000000
__Hibigdata                    ibigdata     000000
__Hidata                       idata        000000
__HidataBANK0                  idataBANK0   000000
__Hidloc                       idloc        200008
__Hifardata                    ifardata     000000
__Hinit                        init         000004
__Hintcode                     intcode      000000
__Hintcode_body                intcode_body 000000
__Hintcodelo                   intcodelo    000000
__Hintentry                    intentry     000000
__Hintret                      intret       000000
__Hintsave_regs                intsave_regs 000000
__Hirdata                      irdata       000000
__Hmediumconst                 mediumconst  000000
__HnvFARRAM                    nvFARRAM     000000
__Hnvbit                       nvbit        000000
__Hnvrram                      nvrram       000000
__Hparam                       rparam       000000
__Hpowerup                     powerup      000000
__Hram                         ram          000000
__Hramtop                      ramtop       000800
__Hrbit                        rbit         000000
__Hrbss                        rbss         000000
__Hrdata                       rdata        000000
__Hreset_vec                   reset_vec    000000
__Hrparam                      rparam       000000
__Hsfr                         sfr          000000
__Hsmallconst                  smallconst   000816
__Hspace_0                     (abs)        00222E
__Hspace_1                     (abs)        000150
__Hspace_2                     (abs)        000000
__Hspace_4                     (abs)        60000E
__Hstack                       stack        000000
__Hstruct                      struct       000000
__Htemp                        temp         000000
__Htext                        text         000000
__Htext0                       text0        000000
__Htext1                       text1        000000
__Htext10                      text10       000000
__Htext11                      text11       000000
__Htext12                      text12       000000
__Htext13                      text13       000000
__Htext14                      text14       000000
__Htext15                      text15       000000
__Htext16                      text16       000000
__Htext17                      text17       000000
__Htext18                      text18       000000
__Htext19                      text19       000000
__Htext2                       text2        000000
__Htext20                      text20       000000
__Htext21                      text21       000000
__Htext22                      text22       000000
__Htext23                      text23       000000
__Htext24                      text24       000000
__Htext25                      text25       000000
__Htext26                      text26       000000
__Htext27                      text27       000000
__Htext28                      text28       000000
__Htext29                      text29       000000
__Htext3                       text3        000000
__Htext30                      text30       000000
__Htext31                      text31       000000
__Htext32                      text32       000000
__Htext33                      text33       000000
__Htext34                      text34       000000
__Htext35                      text35       000000
__Htext36                      text36       000000
__Htext37                      text37       000000
__Htext38                      text38       000000
__Htext39                      text39       000000
__Htext4                       text4        000000
__Htext5                       text5        000000
__Htext6                       text6        000000
__Htext7                       text7        000000
__Htext8                       text8        000000
__Htext9                       text9        000000
__LRAM                         (abs)        000001
__Labs1                        abs1         000000
__Lbank0                       bank0        000000
__Lbank1                       bank1        000000
__Lbank2                       bank2        000000
__Lbank3                       bank3        000000
__Lbank4                       bank4        000000
__Lbank5                       bank5        000000
__Lbank6                       bank6        000000
__Lbank7                       bank7        000000
__Lbigbss                      bigbss       000000
__Lbigdata                     bigdata      000000
__Lbigram                      bigram       000000
__Lbss                         bss          000000
__LbssBANK0                    bssBANK0     000000
__LbssBANK1                    bssBANK1     000000
__Lcinit                       cinit        000000
__Lclrtext                     clrtext      000000
__Lcomram                      comram       000000
__Lconfig                      config       000000
__Lconst                       const        000000
__LcstackBANK0                 cstackBANK0  000000
__LcstackCOMRAM                cstackCOMRAM 000000
__Ldata                        data         000000
__LdataBANK0                   dataBANK0    000000
__Leeprom_data                 eeprom_data  000000
__Lfarbss                      farbss       000000
__Lfardata                     fardata      000000
__Libigdata                    ibigdata     000000
__Lidata                       idata        000000
__LidataBANK0                  idataBANK0   000000
__Lidloc                       idloc        000000
__Lifardata                    ifardata     000000
__Linit                        init         000000
__Lintcode                     intcode      000000
__Lintcode_body                intcode_body 000000
__Lintcodelo                   intcodelo    000000
__Lintentry                    intentry     000000
__Lintret                      intret       000000
__Lintsave_regs                intsave_regs 000000
__Lirdata                      irdata       000000
__Lmediumconst                 mediumconst  000000
__LnvFARRAM                    nvFARRAM     000000
__Lnvbit                       nvbit        000000
__Lnvrram                      nvrram       000000
__Lparam                       rparam       000000
__Lpowerup                     powerup      000000
__Lram                         ram          000000
__Lramtop                      ramtop       000800
__Lrbit                        rbit         000000
__Lrbss                        rbss         000000
__Lrdata                       rdata        000000
__Lreset_vec                   reset_vec    000000
__Lrparam                      rparam       000000
__Lsfr                         sfr          000000
__Lsmallconst                  smallconst   000800
__Lspace_0                     (abs)        000000
__Lspace_1                     (abs)        000000
__Lspace_2                     (abs)        000000
__Lspace_4                     (abs)        000000
__Lstack                       stack        000000
__Lstruct                      struct       000000
__Ltemp                        temp         000000
__Ltext                        text         000000
__Ltext0                       text0        000000
__Ltext1                       text1        000000
__Ltext10                      text10       000000
__Ltext11                      text11       000000
__Ltext12                      text12       000000
__Ltext13                      text13       000000
__Ltext14                      text14       000000
__Ltext15                      text15       000000
__Ltext16                      text16       000000
__Ltext17                      text17       000000
__Ltext18                      text18       000000
__Ltext19                      text19       000000
__Ltext2                       text2        000000
__Ltext20                      text20       000000
__Ltext21                      text21       000000
__Ltext22                      text22       000000
__Ltext23                      text23       000000
__Ltext24                      text24       000000
__Ltext25                      text25       000000
__Ltext26                      text26       000000
__Ltext27                      text27       000000
__Ltext28                      text28       000000
__Ltext29                      text29       000000
__Ltext3                       text3        000000
__Ltext30                      text30       000000
__Ltext31                      text31       000000
__Ltext32                      text32       000000
__Ltext33                      text33       000000
__Ltext34                      text34       000000
__Ltext35                      text35       000000
__Ltext36                      text36       000000
__Ltext37                      text37       000000
__Ltext38                      text38       000000
__Ltext39                      text39       000000
__Ltext4                       text4        000000
__Ltext5                       text5        000000
__Ltext6                       text6        000000
__Ltext7                       text7        000000
__Ltext8                       text8        000000
__Ltext9                       text9        000000
__S0                           (abs)        00222E
__S1                           (abs)        000150
__S2                           (abs)        000000
__S4                           (abs)        000000
__S5                           (abs)        000000
___aodiv                       text33       00128C
___aodiv@counter               cstackCOMRAM 000011
___aodiv@dividend              cstackCOMRAM 000001
___aodiv@divisor               cstackCOMRAM 000009
___aodiv@quotient              cstackCOMRAM 000013
___aodiv@sign                  cstackCOMRAM 000012
___aomod                       text32       001414
___aomod@counter               cstackCOMRAM 000011
___aomod@dividend              cstackCOMRAM 000001
___aomod@divisor               cstackCOMRAM 000009
___aomod@sign                  cstackCOMRAM 000012
___flmul                       text6        000816
___flmul@a                     cstackCOMRAM 000013
___flmul@aexp                  cstackCOMRAM 000020
___flmul@b                     cstackCOMRAM 00000F
___flmul@bexp                  cstackCOMRAM 000021
___flmul@grs                   cstackCOMRAM 00001C
___flmul@prod                  cstackCOMRAM 000022
___flmul@sign                  cstackCOMRAM 00001B
___flmul@temp                  cstackCOMRAM 000026
___fltol                       text5        001578
___fltol@exp1                  cstackCOMRAM 000031
___fltol@f1                    cstackCOMRAM 000028
___fltol@sign1                 cstackCOMRAM 000030
___inthi_sp                    stack        000000
___intlo_sp                    stack        000000
___lwdiv                       text12       001CD6
___lwdiv@counter               cstackCOMRAM 00000D
___lwdiv@dividend              cstackCOMRAM 000007
___lwdiv@divisor               cstackCOMRAM 000009
___lwdiv@quotient              cstackCOMRAM 00000B
___param_bank                  (abs)        000000
___rparam_used                 (abs)        000001
___sp                          stack        000000
___wmul                        text11       0021AC
___wmul@multiplicand           cstackCOMRAM 000003
___wmul@multiplier             cstackCOMRAM 000001
___wmul@product                cstackCOMRAM 000005
___xxtofl                      text4        000F24
___xxtofl@arg                  cstackCOMRAM 00000B
___xxtofl@exp                  cstackCOMRAM 00000A
___xxtofl@sign                 cstackCOMRAM 000009
___xxtofl@val                  cstackCOMRAM 000001
__accesstop                    (abs)        000060
__activetblptr                 (abs)        000002
__end_of_LCD_Char              text36       001EAC
__end_of_LCD_Clear             text37       00222C
__end_of_LCD_Command           text38       001EFC
__end_of_LCD_Custom_Char       text19       001F8E
__end_of_LCD_String            text35       001E0A
__end_of_LCD_String_xy         text34       002116
__end_of___aodiv               text33       001414
__end_of___aomod               text32       001578
__end_of___flmul               text6        000C40
__end_of___fltol               text5        00167E
__end_of___lwdiv               text12       001D4A
__end_of___wmul                text11       0021D2
__end_of___xxtofl              text4        0010D8
__end_of__initialization       cinit        00200A
__end_of_abs                   text31       0020D6
__end_of_adc_config            text10       002056
__end_of_adc_init10Bits        text9        00220C
__end_of_adc_read10Bits        text8        0021AC
__end_of_dtoa                  text25       000F24
__end_of_encender_leds         text39       001C5A
__end_of_fputc                 text29       001900
__end_of_fputs                 text28       001FD2
__end_of_imprimir              text21       001762
__end_of_inicializar_lcd       text20       002180
__end_of_iniciar_emoticones    text18       001ADA
__end_of_iniciar_pic           text17       0021FC
__end_of_init_leds             text16       002224
__end_of_init_ports            text15       00221A
__end_of_main                  text0        001B5A
__end_of_mostrar_emoticon      text2        0021E8
__end_of_obtener_distancia     text14       001F46
__end_of_pad                   text26       0019C6
__end_of_putch                 text30       00222E
__end_of_sensor_distancia      text13       001A58
__end_of_sensor_luz            text7        001BDA
__end_of_sensor_temperatura    text3        001CD6
__end_of_sprintf               text22       001E5C
__end_of_strlen                text27       00214C
__end_of_validar               text1        001836
__end_of_vfpfcnvrt             text24       00128C
__end_of_vfprintf              text23       001DAC
__initialization               cinit        001FD2
__mediumconst                  mediumconst  000000
__pbssBANK0                    bssBANK0     0000E4
__pbssBANK1                    bssBANK1     000100
__pcinit                       cinit        001FD2
__pcstackBANK0                 cstackBANK0  000060
__pcstackCOMRAM                cstackCOMRAM 000001
__pdataBANK0                   dataBANK0    0000A4
__pidataBANK0                  idataBANK0   002056
__psmallconst                  smallconst   000800
__ptext0                       text0        001ADA
__ptext1                       text1        001762
__ptext10                      text10       002014
__ptext11                      text11       0021AC
__ptext12                      text12       001CD6
__ptext13                      text13       0019C6
__ptext14                      text14       001EFC
__ptext15                      text15       00220C
__ptext16                      text16       00221A
__ptext17                      text17       0021E8
__ptext18                      text18       001A58
__ptext19                      text19       001F46
__ptext2                       text2        0021D2
__ptext20                      text20       00214C
__ptext21                      text21       00167E
__ptext22                      text22       001E0A
__ptext23                      text23       001D4A
__ptext24                      text24       0010D8
__ptext25                      text25       000C40
__ptext26                      text26       001900
__ptext27                      text27       002116
__ptext28                      text28       001F8E
__ptext29                      text29       001836
__ptext3                       text3        001C5A
__ptext30                      text30       00222C
__ptext31                      text31       002096
__ptext32                      text32       001414
__ptext33                      text33       00128C
__ptext34                      text34       0020D6
__ptext35                      text35       001DAC
__ptext36                      text36       001E5C
__ptext37                      text37       002224
__ptext38                      text38       001EAC
__ptext39                      text39       001BDA
__ptext4                       text4        000F24
__ptext5                       text5        001578
__ptext6                       text6        000816
__ptext7                       text7        001B5A
__ptext8                       text8        002180
__ptext9                       text9        0021FC
__ramtop                       ramtop       000800
__size_of_LCD_Char             (abs)        000000
__size_of_LCD_Clear            (abs)        000000
__size_of_LCD_Command          (abs)        000000
__size_of_LCD_Custom_Char      (abs)        000000
__size_of_LCD_String           (abs)        000000
__size_of_LCD_String_xy        (abs)        000000
__size_of___aodiv              (abs)        000000
__size_of___aomod              (abs)        000000
__size_of___flmul              (abs)        000000
__size_of___fltol              (abs)        000000
__size_of___lwdiv              (abs)        000000
__size_of___wmul               (abs)        000000
__size_of___xxtofl             (abs)        000000
__size_of_abs                  (abs)        000000
__size_of_adc_config           (abs)        000000
__size_of_adc_init10Bits       (abs)        000000
__size_of_adc_read10Bits       (abs)        000000
__size_of_dtoa                 (abs)        000000
__size_of_encender_leds        (abs)        000000
__size_of_fputc                (abs)        000000
__size_of_fputs                (abs)        000000
__size_of_imprimir             (abs)        000000
__size_of_inicializar_lcd      (abs)        000000
__size_of_iniciar_emoticones   (abs)        000000
__size_of_iniciar_pic          (abs)        000000
__size_of_init_leds            (abs)        000000
__size_of_init_ports           (abs)        000000
__size_of_main                 (abs)        000000
__size_of_mostrar_emoticon     (abs)        000000
__size_of_obtener_distancia    (abs)        000000
__size_of_pad                  (abs)        000000
__size_of_putch                (abs)        000000
__size_of_sensor_distancia     (abs)        000000
__size_of_sensor_luz           (abs)        000000
__size_of_sensor_temperatura   (abs)        000000
__size_of_sprintf              (abs)        000000
__size_of_strlen               (abs)        000000
__size_of_validar              (abs)        000000
__size_of_vfpfcnvrt            (abs)        000000
__size_of_vfprintf             (abs)        000000
__smallconst                   smallconst   000800
_abs                           text31       002096
_adc_config                    text10       002014
_adc_init10Bits                text9        0021FC
_adc_read10Bits                text8        002180
_dbuf                          bssBANK1     000130
_distancia                     dataBANK0    0000D4
_dtoa                          text25       000C40
_dtoa$1237                     cstackCOMRAM 00002E
_encender_leds                 text39       001BDA
_flags                         bssBANK0     0000EA
_fputc                         text29       001836
_fputs                         text28       001F8E
_imprimir                      text21       00167E
_inicializar_lcd               text20       00214C
_iniciar_emoticones            text18       001A58
_iniciar_pic                   text17       0021E8
_init_leds                     text16       00221A
_init_ports                    text15       00220C
_luz                           dataBANK0    0000CC
_main                          text0        001ADA
_mostrar_emoticon              text2        0021D2
_nout                          bssBANK0     0000E4
_obtener_distancia             text14       001EFC
_pad                           text26       001900
_prec                          bssBANK0     0000E8
_putch                         text30       00222C
_sensor_distancia              text13       0019C6
_sensor_luz                    text7        001B5A
_sensor_temperatura            text3        001C5A
_sprintf                       text22       001E0A
_strlen                        text27       002116
_temperatura                   dataBANK0    0000DC
_todo_bien                     dataBANK0    0000C4
_val_distancia                 bssBANK0     0000F4
_val_intensidad                bssBANK0     0000EE
_val_luminosidad               bssBANK0     0000EC
_val_temp                      bssBANK0     0000F2
_validar                       text1        001762
_value_adc                     bssBANK0     0000F0
_vfpfcnvrt                     text24       0010D8
_vfprintf                      text23       001D4A
_width                         bssBANK0     0000E6
abs@a                          cstackCOMRAM 000013
adc_config@canal               cstackCOMRAM 000001
adc_init10Bits@canal           cstackCOMRAM 000003
adc_read10Bits@value_adc       cstackCOMRAM 000005
dtoa@d                         cstackCOMRAM 00001E
dtoa@fp                        cstackCOMRAM 00001C
dtoa@i                         cstackCOMRAM 00003E
dtoa@n                         cstackCOMRAM 000036
dtoa@p                         cstackCOMRAM 000030
dtoa@s                         cstackCOMRAM 000034
dtoa@w                         cstackCOMRAM 000032
encender_leds@valor            cstackCOMRAM 00000C
end_of_initialization          cinit        00200A
fputc@c                        cstackCOMRAM 000001
fputc@fp                       cstackCOMRAM 000003
fputs@c                        cstackCOMRAM 00000E
fputs@fp                       cstackCOMRAM 00000C
fputs@i                        cstackCOMRAM 00000F
fputs@s                        cstackCOMRAM 00000A
imprimir@aux_dist              cstackBANK0  00006E
imprimir@aux_luz               cstackBANK0  00008E
imprimir@aux_temp              cstackBANK0  00007E
imprimir@dist                  cstackBANK0  000068
imprimir@luz                   cstackBANK0  00006C
imprimir@temp                  cstackBANK0  00006A
iniciar_emoticones@F3571       dataBANK0    0000BC
iniciar_emoticones@F3573       dataBANK0    0000B4
iniciar_emoticones@F3575       dataBANK0    0000AC
iniciar_emoticones@F3577       dataBANK0    0000A4
iniciar_emoticones@distancia   cstackCOMRAM 00000F
iniciar_emoticones@luz         cstackCOMRAM 000017
iniciar_emoticones@temperatura cstackCOMRAM 000007
iniciar_emoticones@todo_bien   cstackCOMRAM 00001F
intlevel0                      text         000000
intlevel1                      text         000000
intlevel2                      text         000000
intlevel3                      text         000000
isa$std                        (abs)        000001
isa$xinst                      (abs)        000000
main@s_dist                    cstackBANK0  00009E
main@s_luz                     cstackBANK0  0000A2
main@s_temp                    cstackBANK0  0000A0
mostrar_emoticon@i             cstackCOMRAM 000003
obtener_distancia@cm           cstackCOMRAM 000003
pad@buf                        cstackCOMRAM 000013
pad@fp                         cstackCOMRAM 000011
pad@i                          cstackCOMRAM 000018
pad@p                          cstackCOMRAM 000015
pad@w                          cstackCOMRAM 00001A
sprintf@ap                     cstackBANK0  000060
sprintf@f                      cstackBANK0  000062
sprintf@fmt                    cstackCOMRAM 00005A
sprintf@s                      cstackCOMRAM 000058
stackhi                        (abs)        0007FF
stacklo                        (abs)        000150
start                          init         000000
start_initialization           cinit        001FD2
strlen@a                       cstackCOMRAM 000003
strlen@s                       cstackCOMRAM 000001
validar@contador               cstackCOMRAM 00000A
validar@distancia              cstackCOMRAM 000006
validar@luz                    cstackCOMRAM 000008
validar@temp                   cstackCOMRAM 000004
vfpfcnvrt@ap                   cstackCOMRAM 000044
vfpfcnvrt@fmt                  cstackCOMRAM 000042
vfpfcnvrt@fp                   cstackCOMRAM 000040
vfpfcnvrt@ll                   cstackCOMRAM 000048
vfprintf@ap                    cstackCOMRAM 000054
vfprintf@cfmt                  cstackCOMRAM 000056
vfprintf@fmt                   cstackCOMRAM 000052
vfprintf@fp                    cstackCOMRAM 000050


MODULE INFORMATION

Module		Function		Class		Link	Load	Size
C:\Program Files\Microchip\xc8\v2.32\pic\sources\c99\common\nf_sprintf.c
		_sprintf       		CODE           	1E0A	0000	82

C:\Program Files\Microchip\xc8\v2.32\pic\sources\c99\common\nf_sprintf.c estimated size: 82

C:\Program Files\Microchip\xc8\v2.32\pic\sources\c99\common\doprnt.c
		_vfpfcnvrt     		CODE           	10D8	0000	436
		_pad           		CODE           	1900	0000	198
		_dtoa          		CODE           	0C40	0000	740
		_vfprintf      		CODE           	1D4A	0000	98

C:\Program Files\Microchip\xc8\v2.32\pic\sources\c99\common\doprnt.c estimated size: 1472

adc_lib.c
		_adc_read10Bits		CODE           	2180	0000	44
		_adc_init10Bits		CODE           	21FC	0000	16
		_adc_config    		CODE           	2014	0000	66

adc_lib.c estimated size: 126

Principal.c
		_iniciar_emoticones		CODE           	1A58	0000	130
		_main          		CODE           	1ADA	0000	128
		_iniciar_pic   		CODE           	21E8	0000	20
		_imprimir      		CODE           	167E	0000	228

Principal.c estimated size: 506

Leds.c
		_init_leds     		CODE           	221A	0000	10
		_validar       		CODE           	1762	0000	212
		_encender_leds 		CODE           	1BDA	0000	128

Leds.c estimated size: 350

C:\Program Files\Microchip\xc8\v2.32\pic\sources\c99\common\nf_fputs.c
		_fputs         		CODE           	1F8E	0000	68

C:\Program Files\Microchip\xc8\v2.32\pic\sources\c99\common\nf_fputs.c estimated size: 68

C:\Program Files\Microchip\xc8\v2.32\pic\sources\c99\common\putch.c
		_putch         		CODE           	222C	0000	2

C:\Program Files\Microchip\xc8\v2.32\pic\sources\c99\common\putch.c estimated size: 2

C:\Program Files\Microchip\xc8\v2.32\pic\sources\c99\common\Umul16.c
		___wmul        		CODE           	21AC	0000	38

C:\Program Files\Microchip\xc8\v2.32\pic\sources\c99\common\Umul16.c estimated size: 38

C:\Program Files\Microchip\xc8\v2.32\pic\sources\c99\common\abs.c
		_abs           		CODE           	2096	0000	64

C:\Program Files\Microchip\xc8\v2.32\pic\sources\c99\common\abs.c estimated size: 64

C:\Program Files\Microchip\xc8\v2.32\pic\sources\c99\common\aomod.c
		___aomod       		CODE           	1414	0000	356

C:\Program Files\Microchip\xc8\v2.32\pic\sources\c99\common\aomod.c estimated size: 356

shared
		__initialization		CODE           	1FD2	0000	56

shared estimated size: 56

C:\Program Files\Microchip\xc8\v2.32\pic\sources\c99\common\sprcmul.c
		___flmul       		CODE           	0816	0000	1066

C:\Program Files\Microchip\xc8\v2.32\pic\sources\c99\common\sprcmul.c estimated size: 1066

C:\Program Files\Microchip\xc8\v2.32\pic\sources\c99\common\lwdiv.c
		___lwdiv       		CODE           	1CD6	0000	116

C:\Program Files\Microchip\xc8\v2.32\pic\sources\c99\common\lwdiv.c estimated size: 116

C:\Program Files\Microchip\xc8\v2.32\pic\sources\c99\common\fltol.c
		___fltol       		CODE           	1578	0000	262

C:\Program Files\Microchip\xc8\v2.32\pic\sources\c99\common\fltol.c estimated size: 262

sensores.c
		_sensor_temperatura		CODE           	1C5A	0000	124
		_obtener_distancia		CODE           	1EFC	0000	74
		_init_ports    		CODE           	220C	0000	14
		_sensor_luz    		CODE           	1B5A	0000	128
		_sensor_distancia		CODE           	19C6	0000	146

sensores.c estimated size: 486

C:\Program Files\Microchip\xc8\v2.32\pic\sources\c99\common\xxtofl.c
		___xxtofl      		CODE           	0F24	0000	436

C:\Program Files\Microchip\xc8\v2.32\pic\sources\c99\common\xxtofl.c estimated size: 436

C:\Program Files\Microchip\xc8\v2.32\pic\sources\c99\common\nf_fputc.c
		_fputc         		CODE           	1836	0000	202

C:\Program Files\Microchip\xc8\v2.32\pic\sources\c99\common\nf_fputc.c estimated size: 202

C:\Program Files\Microchip\xc8\v2.32\pic\sources\c99\common\aodiv.c
		___aodiv       		CODE           	128C	0000	392

C:\Program Files\Microchip\xc8\v2.32\pic\sources\c99\common\aodiv.c estimated size: 392

C:\Program Files\Microchip\xc8\v2.32\pic\sources\c99\common\strlen.c
		_strlen        		CODE           	2116	0000	54

C:\Program Files\Microchip\xc8\v2.32\pic\sources\c99\common\strlen.c estimated size: 54

LCD.c
		_LCD_String    		CODE           	1DAC	0000	94
		_mostrar_emoticon		CODE           	21D2	0000	22
		_LCD_Command   		CODE           	1EAC	0000	80
		_LCD_String_xy 		CODE           	20D6	0000	64
		_LCD_Char      		CODE           	1E5C	0000	80
		_LCD_Clear     		CODE           	2224	0000	8
		_inicializar_lcd		CODE           	214C	0000	52
		_LCD_Custom_Char		CODE           	1F46	0000	72

LCD.c estimated size: 472

